C51 COMPILER V8.08   MAIN                                                                  06/26/2010 11:43:11 PAGE 1   


C51 COMPILER V8.08, COMPILATION OF MODULE MAIN
OBJECT MODULE PLACED IN .\main.obj
COMPILER INVOKED BY: D:\Toolset\Keil\C51\BIN\C51.EXE ..\src\main.c BROWSE INCDIR(..\inc) DEBUG OBJECTEXTEND PRINT(.\main
                    -.lst) OBJECT(.\main.obj)

line level    source

   1          #include "main.h"
   2          #include "interrupt.h"
   3          
   4          DWORD   DATA    gSysTick;                                       //system tick counter
   5          TIMER   sBlinkTimer;
   6          
   7          
   8          main()
   9          {
  10   1              UCHAR Wait = 0x80;
  11   1              EA = 0;
  12   1              CLKCON = 0xC8;
  13   1              while(Wait--){
  14   2                      _nop_();
  15   2              }
  16   1              CLKCON |= 0x04;
  17   1              SysTickInit();
  18   1              TimeOutSet(&sBlinkTimer,1000);
  19   1              P0CR = 0xff;
  20   1              P0PCR = 0xff;
  21   1              P0_4 = 1;
  22   1              while(1) {
  23   2                      if(IsTimeOut(&sBlinkTimer)) {
  24   3                              P0_4 = ~P0_4;
  25   3                              TimeOutSet(&sBlinkTimer,1000);
  26   3                      }
  27   2              }
  28   1              return 0;
  29   1      }


MODULE INFORMATION:   STATIC OVERLAYABLE
   CODE SIZE        =     80    ----
   CONSTANT SIZE    =   ----    ----
   XDATA SIZE       =   ----    ----
   PDATA SIZE       =   ----    ----
   DATA SIZE        =     13    ----
   IDATA SIZE       =   ----    ----
   BIT SIZE         =   ----    ----
END OF MODULE INFORMATION.


C51 COMPILATION COMPLETE.  0 WARNING(S),  0 ERROR(S)
